// Jest Snapshot v1, https://goo.gl/fbAQLP

exports[`CreateUser should render correctly 1`] = `
<div
  className="login-page"
>
  <div
    className="login-page-content"
    style={
      Object {
        "backgroundImage": "url(blueguy.png)",
      }
    }
  >
    <CreateUserForm />
  </div>
  <_default />
</div>
`;
