// Jest Snapshot v1, https://goo.gl/fbAQLP

exports[`DropdownButton handles defaultOpen properly 1`] = `
<div
  className="undefined-language-dropdown"
>
  <Dropdown
    a11y={true}
    active={false}
    addonType={false}
    direction="down"
    inNavbar={false}
    isOpen={true}
    nav={false}
    setActiveFromChild={false}
    toggle={[Function]}
  >
    <DropdownToggle
      aria-haspopup={true}
      caret={true}
      color="secondary"
    >
      <div
        className="undefined-language-dropdown-closed-content"
      >
        <FontAwesomeIcon
          border={false}
          className=""
          fixedWidth={true}
          flip={null}
          icon="lungs"
          inverse={false}
          listItem={false}
          mask={null}
          pull={null}
          pulse={false}
          rotation={null}
          size={null}
          spin={false}
          swapOpacity={false}
          symbol={false}
          title=""
          transform={null}
        />
        foo
      </div>
    </DropdownToggle>
    <DropdownMenu
      flip={true}
      tag="div"
    >
      <DropdownItem
        key="banana"
        onClick={[Function]}
        tag="button"
        toggle={true}
      >
        <FontAwesomeIcon
          border={false}
          className=""
          fixedWidth={true}
          flip={null}
          icon="cubes"
          inverse={false}
          listItem={false}
          mask={null}
          pull={null}
          pulse={false}
          rotation={null}
          size={null}
          spin={false}
          style={
            Object {
              "marginRight": "10px",
            }
          }
          swapOpacity={false}
          symbol={false}
          title=""
          transform={null}
        />
        Nice
      </DropdownItem>
      <DropdownItem
        key="apple"
        onClick={[Function]}
        tag="button"
        toggle={true}
      >
        <FontAwesomeIcon
          border={false}
          className=""
          fixedWidth={true}
          flip={null}
          icon="mobile"
          inverse={false}
          listItem={false}
          mask={null}
          pull={null}
          pulse={false}
          rotation={null}
          size={null}
          spin={false}
          style={
            Object {
              "marginRight": "10px",
            }
          }
          swapOpacity={false}
          symbol={false}
          title=""
          transform={null}
        />
        Cool
      </DropdownItem>
      <DropdownItem
        key="pear"
        onClick={[Function]}
        tag="button"
        toggle={true}
      >
        <FontAwesomeIcon
          border={false}
          className=""
          fixedWidth={true}
          flip={null}
          icon="wind"
          inverse={false}
          listItem={false}
          mask={null}
          pull={null}
          pulse={false}
          rotation={null}
          size={null}
          spin={false}
          style={
            Object {
              "marginRight": "10px",
            }
          }
          swapOpacity={false}
          symbol={false}
          title=""
          transform={null}
        />
        Fun
      </DropdownItem>
    </DropdownMenu>
  </Dropdown>
</div>
`;

exports[`DropdownButton handles defaultOpen properly 2`] = `
<div
  className="undefined-language-dropdown"
>
  <Dropdown
    a11y={true}
    active={false}
    addonType={false}
    direction="down"
    inNavbar={false}
    isOpen={false}
    nav={false}
    setActiveFromChild={false}
    toggle={[Function]}
  >
    <DropdownToggle
      aria-haspopup={true}
      caret={true}
      color="secondary"
    >
      <div
        className="undefined-language-dropdown-closed-content"
      >
        <FontAwesomeIcon
          border={false}
          className=""
          fixedWidth={true}
          flip={null}
          icon="lungs"
          inverse={false}
          listItem={false}
          mask={null}
          pull={null}
          pulse={false}
          rotation={null}
          size={null}
          spin={false}
          swapOpacity={false}
          symbol={false}
          title=""
          transform={null}
        />
        foo
      </div>
    </DropdownToggle>
    <DropdownMenu
      flip={true}
      tag="div"
    >
      <DropdownItem
        key="banana"
        onClick={[Function]}
        tag="button"
        toggle={true}
      >
        <FontAwesomeIcon
          border={false}
          className=""
          fixedWidth={true}
          flip={null}
          icon="cubes"
          inverse={false}
          listItem={false}
          mask={null}
          pull={null}
          pulse={false}
          rotation={null}
          size={null}
          spin={false}
          style={
            Object {
              "marginRight": "10px",
            }
          }
          swapOpacity={false}
          symbol={false}
          title=""
          transform={null}
        />
        Nice
      </DropdownItem>
      <DropdownItem
        key="apple"
        onClick={[Function]}
        tag="button"
        toggle={true}
      >
        <FontAwesomeIcon
          border={false}
          className=""
          fixedWidth={true}
          flip={null}
          icon="mobile"
          inverse={false}
          listItem={false}
          mask={null}
          pull={null}
          pulse={false}
          rotation={null}
          size={null}
          spin={false}
          style={
            Object {
              "marginRight": "10px",
            }
          }
          swapOpacity={false}
          symbol={false}
          title=""
          transform={null}
        />
        Cool
      </DropdownItem>
      <DropdownItem
        key="pear"
        onClick={[Function]}
        tag="button"
        toggle={true}
      >
        <FontAwesomeIcon
          border={false}
          className=""
          fixedWidth={true}
          flip={null}
          icon="wind"
          inverse={false}
          listItem={false}
          mask={null}
          pull={null}
          pulse={false}
          rotation={null}
          size={null}
          spin={false}
          style={
            Object {
              "marginRight": "10px",
            }
          }
          swapOpacity={false}
          symbol={false}
          title=""
          transform={null}
        />
        Fun
      </DropdownItem>
    </DropdownMenu>
  </Dropdown>
</div>
`;

exports[`DropdownButton handles defaultOpen properly 3`] = `
<div
  className="undefined-language-dropdown"
>
  <Dropdown
    a11y={true}
    active={false}
    addonType={false}
    direction="down"
    inNavbar={false}
    isOpen={false}
    nav={false}
    setActiveFromChild={false}
    toggle={[Function]}
  >
    <DropdownToggle
      aria-haspopup={true}
      caret={true}
      color="secondary"
    >
      <div
        className="undefined-language-dropdown-closed-content"
      >
        <FontAwesomeIcon
          border={false}
          className=""
          fixedWidth={true}
          flip={null}
          icon="lungs"
          inverse={false}
          listItem={false}
          mask={null}
          pull={null}
          pulse={false}
          rotation={null}
          size={null}
          spin={false}
          swapOpacity={false}
          symbol={false}
          title=""
          transform={null}
        />
        foo
      </div>
    </DropdownToggle>
    <DropdownMenu
      flip={true}
      tag="div"
    >
      <DropdownItem
        key="banana"
        onClick={[Function]}
        tag="button"
        toggle={true}
      >
        <FontAwesomeIcon
          border={false}
          className=""
          fixedWidth={true}
          flip={null}
          icon="cubes"
          inverse={false}
          listItem={false}
          mask={null}
          pull={null}
          pulse={false}
          rotation={null}
          size={null}
          spin={false}
          style={
            Object {
              "marginRight": "10px",
            }
          }
          swapOpacity={false}
          symbol={false}
          title=""
          transform={null}
        />
        Nice
      </DropdownItem>
      <DropdownItem
        key="apple"
        onClick={[Function]}
        tag="button"
        toggle={true}
      >
        <FontAwesomeIcon
          border={false}
          className=""
          fixedWidth={true}
          flip={null}
          icon="mobile"
          inverse={false}
          listItem={false}
          mask={null}
          pull={null}
          pulse={false}
          rotation={null}
          size={null}
          spin={false}
          style={
            Object {
              "marginRight": "10px",
            }
          }
          swapOpacity={false}
          symbol={false}
          title=""
          transform={null}
        />
        Cool
      </DropdownItem>
      <DropdownItem
        key="pear"
        onClick={[Function]}
        tag="button"
        toggle={true}
      >
        <FontAwesomeIcon
          border={false}
          className=""
          fixedWidth={true}
          flip={null}
          icon="wind"
          inverse={false}
          listItem={false}
          mask={null}
          pull={null}
          pulse={false}
          rotation={null}
          size={null}
          spin={false}
          style={
            Object {
              "marginRight": "10px",
            }
          }
          swapOpacity={false}
          symbol={false}
          title=""
          transform={null}
        />
        Fun
      </DropdownItem>
    </DropdownMenu>
  </Dropdown>
</div>
`;

exports[`DropdownButton handles dropdown click correctly 1`] = `
<div
  className="undefined-language-dropdown"
>
  <Dropdown
    a11y={true}
    active={false}
    addonType={false}
    direction="down"
    inNavbar={false}
    isOpen={false}
    nav={false}
    setActiveFromChild={false}
    toggle={[Function]}
  >
    <DropdownToggle
      aria-haspopup={true}
      caret={true}
      color="secondary"
    >
      <div
        className="undefined-language-dropdown-closed-content"
      >
        <FontAwesomeIcon
          border={false}
          className=""
          fixedWidth={true}
          flip={null}
          icon="lungs"
          inverse={false}
          listItem={false}
          mask={null}
          pull={null}
          pulse={false}
          rotation={null}
          size={null}
          spin={false}
          swapOpacity={false}
          symbol={false}
          title=""
          transform={null}
        />
        foo
      </div>
    </DropdownToggle>
    <DropdownMenu
      flip={true}
      tag="div"
    >
      <DropdownItem
        key="banana"
        onClick={[Function]}
        tag="button"
        toggle={true}
      >
        <FontAwesomeIcon
          border={false}
          className=""
          fixedWidth={true}
          flip={null}
          icon="cubes"
          inverse={false}
          listItem={false}
          mask={null}
          pull={null}
          pulse={false}
          rotation={null}
          size={null}
          spin={false}
          style={
            Object {
              "marginRight": "10px",
            }
          }
          swapOpacity={false}
          symbol={false}
          title=""
          transform={null}
        />
        Nice
      </DropdownItem>
      <DropdownItem
        key="apple"
        onClick={[Function]}
        tag="button"
        toggle={true}
      >
        <FontAwesomeIcon
          border={false}
          className=""
          fixedWidth={true}
          flip={null}
          icon="mobile"
          inverse={false}
          listItem={false}
          mask={null}
          pull={null}
          pulse={false}
          rotation={null}
          size={null}
          spin={false}
          style={
            Object {
              "marginRight": "10px",
            }
          }
          swapOpacity={false}
          symbol={false}
          title=""
          transform={null}
        />
        Cool
      </DropdownItem>
      <DropdownItem
        key="pear"
        onClick={[Function]}
        tag="button"
        toggle={true}
      >
        <FontAwesomeIcon
          border={false}
          className=""
          fixedWidth={true}
          flip={null}
          icon="wind"
          inverse={false}
          listItem={false}
          mask={null}
          pull={null}
          pulse={false}
          rotation={null}
          size={null}
          spin={false}
          style={
            Object {
              "marginRight": "10px",
            }
          }
          swapOpacity={false}
          symbol={false}
          title=""
          transform={null}
        />
        Fun
      </DropdownItem>
    </DropdownMenu>
  </Dropdown>
</div>
`;

exports[`DropdownButton handles dropdown click correctly 2`] = `
<div
  className="undefined-language-dropdown"
>
  <Dropdown
    a11y={true}
    active={false}
    addonType={false}
    direction="down"
    inNavbar={false}
    isOpen={true}
    nav={false}
    setActiveFromChild={false}
    toggle={[Function]}
  >
    <DropdownToggle
      aria-haspopup={true}
      caret={true}
      color="secondary"
    >
      <div
        className="undefined-language-dropdown-closed-content"
      >
        <FontAwesomeIcon
          border={false}
          className=""
          fixedWidth={true}
          flip={null}
          icon="lungs"
          inverse={false}
          listItem={false}
          mask={null}
          pull={null}
          pulse={false}
          rotation={null}
          size={null}
          spin={false}
          swapOpacity={false}
          symbol={false}
          title=""
          transform={null}
        />
        foo
      </div>
    </DropdownToggle>
    <DropdownMenu
      flip={true}
      tag="div"
    >
      <DropdownItem
        key="banana"
        onClick={[Function]}
        tag="button"
        toggle={true}
      >
        <FontAwesomeIcon
          border={false}
          className=""
          fixedWidth={true}
          flip={null}
          icon="cubes"
          inverse={false}
          listItem={false}
          mask={null}
          pull={null}
          pulse={false}
          rotation={null}
          size={null}
          spin={false}
          style={
            Object {
              "marginRight": "10px",
            }
          }
          swapOpacity={false}
          symbol={false}
          title=""
          transform={null}
        />
        Nice
      </DropdownItem>
      <DropdownItem
        key="apple"
        onClick={[Function]}
        tag="button"
        toggle={true}
      >
        <FontAwesomeIcon
          border={false}
          className=""
          fixedWidth={true}
          flip={null}
          icon="mobile"
          inverse={false}
          listItem={false}
          mask={null}
          pull={null}
          pulse={false}
          rotation={null}
          size={null}
          spin={false}
          style={
            Object {
              "marginRight": "10px",
            }
          }
          swapOpacity={false}
          symbol={false}
          title=""
          transform={null}
        />
        Cool
      </DropdownItem>
      <DropdownItem
        key="pear"
        onClick={[Function]}
        tag="button"
        toggle={true}
      >
        <FontAwesomeIcon
          border={false}
          className=""
          fixedWidth={true}
          flip={null}
          icon="wind"
          inverse={false}
          listItem={false}
          mask={null}
          pull={null}
          pulse={false}
          rotation={null}
          size={null}
          spin={false}
          style={
            Object {
              "marginRight": "10px",
            }
          }
          swapOpacity={false}
          symbol={false}
          title=""
          transform={null}
        />
        Fun
      </DropdownItem>
    </DropdownMenu>
  </Dropdown>
</div>
`;

exports[`DropdownButton renders every dropdown item correctly 1`] = `
<div
  className="undefined-language-dropdown"
>
  <Dropdown
    a11y={true}
    active={false}
    addonType={false}
    direction="down"
    inNavbar={false}
    isOpen={true}
    nav={false}
    setActiveFromChild={false}
    toggle={[Function]}
  >
    <DropdownToggle
      aria-haspopup={true}
      caret={true}
      color="secondary"
    >
      <div
        className="undefined-language-dropdown-closed-content"
      >
        <FontAwesomeIcon
          border={false}
          className=""
          fixedWidth={true}
          flip={null}
          icon="bacteria"
          inverse={false}
          listItem={false}
          mask={null}
          pull={null}
          pulse={false}
          rotation={null}
          size={null}
          spin={false}
          swapOpacity={false}
          symbol={false}
          title=""
          transform={null}
        />
        bar
      </div>
    </DropdownToggle>
    <DropdownMenu
      flip={true}
      tag="div"
    >
      <DropdownItem
        key="banana"
        onClick={[Function]}
        tag="button"
        toggle={true}
      >
        <FontAwesomeIcon
          border={false}
          className=""
          fixedWidth={true}
          flip={null}
          icon="cubes"
          inverse={false}
          listItem={false}
          mask={null}
          pull={null}
          pulse={false}
          rotation={null}
          size={null}
          spin={false}
          style={
            Object {
              "marginRight": "10px",
            }
          }
          swapOpacity={false}
          symbol={false}
          title=""
          transform={null}
        />
        Nice
      </DropdownItem>
      <DropdownItem
        key="apple"
        onClick={[Function]}
        tag="button"
        toggle={true}
      >
        <FontAwesomeIcon
          border={false}
          className=""
          fixedWidth={true}
          flip={null}
          icon="mobile"
          inverse={false}
          listItem={false}
          mask={null}
          pull={null}
          pulse={false}
          rotation={null}
          size={null}
          spin={false}
          style={
            Object {
              "marginRight": "10px",
            }
          }
          swapOpacity={false}
          symbol={false}
          title=""
          transform={null}
        />
        Cool
      </DropdownItem>
      <DropdownItem
        key="pear"
        onClick={[Function]}
        tag="button"
        toggle={true}
      >
        <FontAwesomeIcon
          border={false}
          className=""
          fixedWidth={true}
          flip={null}
          icon="wind"
          inverse={false}
          listItem={false}
          mask={null}
          pull={null}
          pulse={false}
          rotation={null}
          size={null}
          spin={false}
          style={
            Object {
              "marginRight": "10px",
            }
          }
          swapOpacity={false}
          symbol={false}
          title=""
          transform={null}
        />
        Fun
      </DropdownItem>
    </DropdownMenu>
  </Dropdown>
</div>
`;
