// Jest Snapshot v1, https://goo.gl/fbAQLP

exports[`Footer should render correctly 1`] = `
<div
  className="login-footer"
>
  <a href="https://github.com/uclaacm/TeachLAFrontend" target="_blank" rel="noopener noreferrer">
    <img
      alt="Teach LA logo and link to GitHub Repository"
      className="login-footer-image"
      src="tla-logo.svg"
    />
  </a>
</div>
`;
