// Jest Snapshot v1, https://goo.gl/fbAQLP

exports[`Footer should render correctly 1`] = `
<footer
  className="footer"
>
  <a
    href="https://github.com/uclaacm/TeachLAFrontend"
    rel="noopener noreferrer"
    target="_blank"
  >
    <img
      alt="Teach LA logo and link to GitHub Repository"
      className="footer-image"
      src="tla-logo.svg"
    />
  </a>
</footer>
`;
